Archive member included because of file (symbol)

c:/winavr-20100110/bin/../lib/gcc/avr/4.3.3/avr5\libgcc.a(_exit.o)
                              c:/winavr-20100110/bin/../lib/gcc/avr/4.3.3/../../../../avr/lib/avr5/crtm16.o (exit)
c:/winavr-20100110/bin/../lib/gcc/avr/4.3.3/avr5\libgcc.a(_copy_data.o)
                              ./UART_config.o (__do_copy_data)
c:/winavr-20100110/bin/../lib/gcc/avr/4.3.3/avr5\libgcc.a(_clear_bss.o)
                              ./UART.o (__do_clear_bss)
c:/winavr-20100110/bin/../lib/gcc/avr/4.3.3/../../../../avr/lib/avr5\libc.a(itoa.o)
                              ./lcd.o (itoa)
c:/winavr-20100110/bin/../lib/gcc/avr/4.3.3/../../../../avr/lib/avr5\libc.a(strrev.o)
                              c:/winavr-20100110/bin/../lib/gcc/avr/4.3.3/../../../../avr/lib/avr5\libc.a(itoa.o) (strrev)
c:/winavr-20100110/bin/../lib/gcc/avr/4.3.3/avr5\libgcc.a(_udivmodhi4.o)
                              c:/winavr-20100110/bin/../lib/gcc/avr/4.3.3/../../../../avr/lib/avr5\libc.a(itoa.o) (__udivmodhi4)

Allocating common symbols
Common symbol       size              file

PWM_Timer2          0x2               ./lcd.o
checkPass           0x5               ./open_door.o
IndexPassword       0x1               ./main.o
PWM_Timer0          0x2               ./lcd.o
Num_pass_Entered_Wrong
                    0x1               ./open_door.o
checkPass_Changed   0x5               ./open_door.o
delayTimer1_hour    0x3               ./lcd.o
storedPassEEPROM    0x5               ./open_door.o

Memory Configuration

Name             Origin             Length             Attributes
text             0x00000000         0x00020000         xr
data             0x00800060         0x0000ffa0         rw !x
eeprom           0x00810000         0x00010000         rw !x
fuse             0x00820000         0x00000400         rw !x
lock             0x00830000         0x00000400         rw !x
signature        0x00840000         0x00000400         rw !x
*default*        0x00000000         0xffffffff

Linker script and memory map

LOAD c:/winavr-20100110/bin/../lib/gcc/avr/4.3.3/../../../../avr/lib/avr5/crtm16.o
LOAD ./UART.o
LOAD ./UART_config.o
LOAD ./keypad.o
LOAD ./lcd.o
LOAD ./main.o
LOAD ./mdio.o
LOAD ./open_door.o
LOAD ./timer.o
LOAD ./timer_config.o
LOAD c:/winavr-20100110/bin/../lib/gcc/avr/4.3.3/avr5\libgcc.a
LOAD c:/winavr-20100110/bin/../lib/gcc/avr/4.3.3/../../../../avr/lib/avr5\libc.a
LOAD c:/winavr-20100110/bin/../lib/gcc/avr/4.3.3/avr5\libgcc.a

.hash
 *(.hash)

.dynsym
 *(.dynsym)

.dynstr
 *(.dynstr)

.gnu.version
 *(.gnu.version)

.gnu.version_d
 *(.gnu.version_d)

.gnu.version_r
 *(.gnu.version_r)

.rel.init
 *(.rel.init)

.rela.init
 *(.rela.init)

.rel.text
 *(.rel.text)
 *(.rel.text.*)
 *(.rel.gnu.linkonce.t*)

.rela.text
 *(.rela.text)
 *(.rela.text.*)
 *(.rela.gnu.linkonce.t*)

.rel.fini
 *(.rel.fini)

.rela.fini
 *(.rela.fini)

.rel.rodata
 *(.rel.rodata)
 *(.rel.rodata.*)
 *(.rel.gnu.linkonce.r*)

.rela.rodata
 *(.rela.rodata)
 *(.rela.rodata.*)
 *(.rela.gnu.linkonce.r*)

.rel.data
 *(.rel.data)
 *(.rel.data.*)
 *(.rel.gnu.linkonce.d*)

.rela.data
 *(.rela.data)
 *(.rela.data.*)
 *(.rela.gnu.linkonce.d*)

.rel.ctors
 *(.rel.ctors)

.rela.ctors
 *(.rela.ctors)

.rel.dtors
 *(.rel.dtors)

.rela.dtors
 *(.rela.dtors)

.rel.got
 *(.rel.got)

.rela.got
 *(.rela.got)

.rel.bss
 *(.rel.bss)

.rela.bss
 *(.rela.bss)

.rel.plt
 *(.rel.plt)

.rela.plt
 *(.rela.plt)

.text           0x00000000     0x1d62
 *(.vectors)
 .vectors       0x00000000       0x54 c:/winavr-20100110/bin/../lib/gcc/avr/4.3.3/../../../../avr/lib/avr5/crtm16.o
                0x00000000                __vectors
                0x00000000                __vector_default
 *(.vectors)
 *(.progmem.gcc*)
 *(.progmem*)
                0x00000054                . = ALIGN (0x2)
                0x00000054                __trampolines_start = .
 *(.trampolines)
 .trampolines   0x00000054        0x0 linker stubs
 *(.trampolines*)
                0x00000054                __trampolines_end = .
 *(.jumptables)
 *(.jumptables*)
 *(.lowtext)
 *(.lowtext*)
                0x00000054                __ctors_start = .
 *(.ctors)
                0x00000054                __ctors_end = .
                0x00000054                __dtors_start = .
 *(.dtors)
                0x00000054                __dtors_end = .
 SORT(*)(.ctors)
 SORT(*)(.dtors)
 *(.init0)
 .init0         0x00000054        0x0 c:/winavr-20100110/bin/../lib/gcc/avr/4.3.3/../../../../avr/lib/avr5/crtm16.o
                0x00000054                __init
 *(.init0)
 *(.init1)
 *(.init1)
 *(.init2)
 .init2         0x00000054        0xc c:/winavr-20100110/bin/../lib/gcc/avr/4.3.3/../../../../avr/lib/avr5/crtm16.o
 *(.init2)
 *(.init3)
 *(.init3)
 *(.init4)
 .init4         0x00000060       0x16 c:/winavr-20100110/bin/../lib/gcc/avr/4.3.3/avr5\libgcc.a(_copy_data.o)
                0x00000060                __do_copy_data
 .init4         0x00000076       0x10 c:/winavr-20100110/bin/../lib/gcc/avr/4.3.3/avr5\libgcc.a(_clear_bss.o)
                0x00000076                __do_clear_bss
 *(.init4)
 *(.init5)
 *(.init5)
 *(.init6)
 *(.init6)
 *(.init7)
 *(.init7)
 *(.init8)
 *(.init8)
 *(.init9)
 .init9         0x00000086        0x8 c:/winavr-20100110/bin/../lib/gcc/avr/4.3.3/../../../../avr/lib/avr5/crtm16.o
 *(.init9)
 *(.text)
 .text          0x0000008e        0x4 c:/winavr-20100110/bin/../lib/gcc/avr/4.3.3/../../../../avr/lib/avr5/crtm16.o
                0x0000008e                __vector_1
                0x0000008e                __vector_12
                0x0000008e                __bad_interrupt
                0x0000008e                __vector_11
                0x0000008e                __vector_13
                0x0000008e                __vector_17
                0x0000008e                __vector_2
                0x0000008e                __vector_15
                0x0000008e                __vector_14
                0x0000008e                __vector_10
                0x0000008e                __vector_16
                0x0000008e                __vector_18
                0x0000008e                __vector_20
 .text          0x00000092        0x0 ./UART.o
 .text          0x00000092        0x0 ./UART_config.o
 .text          0x00000092        0x0 ./keypad.o
 .text          0x00000092        0x0 ./lcd.o
 .text          0x00000092        0x0 ./main.o
 .text          0x00000092        0x0 ./mdio.o
 .text          0x00000092        0x0 ./open_door.o
 .text          0x00000092        0x0 ./timer.o
 .text          0x00000092        0x0 ./timer_config.o
 .text          0x00000092        0x0 c:/winavr-20100110/bin/../lib/gcc/avr/4.3.3/avr5\libgcc.a(_exit.o)
 .text          0x00000092        0x0 c:/winavr-20100110/bin/../lib/gcc/avr/4.3.3/avr5\libgcc.a(_copy_data.o)
 .text          0x00000092        0x0 c:/winavr-20100110/bin/../lib/gcc/avr/4.3.3/avr5\libgcc.a(_clear_bss.o)
 .text          0x00000092        0x0 c:/winavr-20100110/bin/../lib/gcc/avr/4.3.3/../../../../avr/lib/avr5\libc.a(itoa.o)
 .text          0x00000092        0x0 c:/winavr-20100110/bin/../lib/gcc/avr/4.3.3/../../../../avr/lib/avr5\libc.a(strrev.o)
 .text          0x00000092        0x0 c:/winavr-20100110/bin/../lib/gcc/avr/4.3.3/avr5\libgcc.a(_udivmodhi4.o)
                0x00000092                . = ALIGN (0x2)
 *(.text.*)
 .text.UART_init
                0x00000092      0x106 ./UART.o
                0x00000092                UART_init
 .text.UART_ByteRecieved
                0x00000198       0x20 ./UART.o
                0x00000198                UART_ByteRecieved
 .text.UART_IS_ByteRecieved
                0x000001b8       0x3c ./UART.o
                0x000001b8                UART_IS_ByteRecieved
 .text.UART_SendByte
                0x000001f4       0x28 ./UART.o
                0x000001f4                UART_SendByte
 .text.UART_SendString
                0x0000021c       0x52 ./UART.o
                0x0000021c                UART_SendString
 .text.UART_ReceiveString
                0x0000026e       0x86 ./UART.o
                0x0000026e                UART_ReceiveString
 .text.KEYPAD_getPressedKey
                0x000002f4       0xa0 ./keypad.o
                0x000002f4                KEYPAD_getPressedKey
 .text.KEYPAD_4x4_adjustKeyNumber
                0x00000394      0x14e ./keypad.o
 .text.LCD_init
                0x000004e2       0x50 ./lcd.o
                0x000004e2                LCD_init
 .text.LCD_sendCommand
                0x00000532       0x6c ./lcd.o
                0x00000532                LCD_sendCommand
 .text.LCD_displayCharacter
                0x0000059e       0x6c ./lcd.o
                0x0000059e                LCD_displayCharacter
 .text.LCD_displayString
                0x0000060a       0x52 ./lcd.o
                0x0000060a                LCD_displayString
 .text.LCD_moveCursor
                0x0000065c       0x84 ./lcd.o
                0x0000065c                LCD_moveCursor
 .text.LCD_displayStringRowColumn
                0x000006e0       0x32 ./lcd.o
                0x000006e0                LCD_displayStringRowColumn
 .text.LCD_intgerToString
                0x00000712       0x46 ./lcd.o
                0x00000712                LCD_intgerToString
 .text.LCD_clearScreen
                0x00000758       0x14 ./lcd.o
                0x00000758                LCD_clearScreen
 .text.main     0x0000076c       0xd2 ./main.o
                0x0000076c                main
 .text.mdio_setPinStatus
                0x0000083e      0x1c8 ./mdio.o
                0x0000083e                mdio_setPinStatus
 .text.mdio_setPinValue
                0x00000a06      0x106 ./mdio.o
                0x00000a06                mdio_setPinValue
 .text.mdio_togglePinValue
                0x00000b0c       0x78 ./mdio.o
                0x00000b0c                mdio_togglePinValue
 .text.mdio_getPinValue
                0x00000b84       0x6c ./mdio.o
                0x00000b84                mdio_getPinValue
 .text.GPIO_setupPortDirection
                0x00000bf0       0x3c ./mdio.o
                0x00000bf0                GPIO_setupPortDirection
 .text.GPIO_writePort
                0x00000c2c       0x3e ./mdio.o
                0x00000c2c                GPIO_writePort
 .text.GPIO_readPort
                0x00000c6a       0x3e ./mdio.o
                0x00000c6a                GPIO_readPort
 .text.Enter_Password_MainPage
                0x00000ca8       0x8c ./open_door.o
                0x00000ca8                Enter_Password_MainPage
 .text.Display_Warning_MainPage
                0x00000d34       0x34 ./open_door.o
                0x00000d34                Display_Warning_MainPage
 .text.Open_Door_MainPage
                0x00000d68       0x5c ./open_door.o
                0x00000d68                Open_Door_MainPage
 .text.Activate_Buzzer
                0x00000dc4       0x48 ./open_door.o
                0x00000dc4                Activate_Buzzer
 .text.Store_EEPROM_Password
                0x00000e0c       0x48 ./open_door.o
                0x00000e0c                Store_EEPROM_Password
 .text.Check_Entered_Password
                0x00000e54       0x86 ./open_door.o
                0x00000e54                Check_Entered_Password
 .text.Store_Password_Again
                0x00000eda       0x82 ./open_door.o
 .text.Change_Password
                0x00000f5c       0xa4 ./open_door.o
                0x00000f5c                Change_Password
 .text.Send_Password_MC2
                0x00001000       0x5c ./open_door.o
                0x00001000                Send_Password_MC2
 .text.__vector_9
                0x0000105c       0xa0 ./timer.o
                0x0000105c                __vector_9
 .text.mtimer_8bits_stop
                0x000010fc       0x44 ./timer.o
 .text.__vector_4
                0x00001140       0xa0 ./timer.o
                0x00001140                __vector_4
 .text.__vector_19
                0x000011e0       0xa0 ./timer.o
                0x000011e0                __vector_19
 .text.__vector_3
                0x00001280       0xa0 ./timer.o
                0x00001280                __vector_3
 .text.__vector_8
                0x00001320       0x96 ./timer.o
                0x00001320                __vector_8
 .text.mtimer_16bits_stop
                0x000013b6       0x1c ./timer.o
 .text.__vector_6
                0x000013d2       0x96 ./timer.o
                0x000013d2                __vector_6
 .text.__vector_7
                0x00001468       0x6a ./timer.o
                0x00001468                __vector_7
 .text.__vector_5
                0x000014d2       0x6a ./timer.o
                0x000014d2                __vector_5
 .text.DelayTimer_8bits_Init
                0x0000153c       0xde ./timer.o
                0x0000153c                DelayTimer_8bits_Init
 .text.DelayTimer_8bits_synchrounous
                0x0000161a       0xb2 ./timer.o
                0x0000161a                DelayTimer_8bits_synchrounous
 .text.mtimer_8bits_start
                0x000016cc       0x9a ./timer.o
 .text.DelayTimer_8bits_Asynchrounous
                0x00001766       0x78 ./timer.o
                0x00001766                DelayTimer_8bits_Asynchrounous
 .text.OverflowTimer_8bits_Init
                0x000017de       0x88 ./timer.o
                0x000017de                OverflowTimer_8bits_Init
 .text.OverflowTimer_8bits_synchrounous
                0x00001866       0xaa ./timer.o
                0x00001866                OverflowTimer_8bits_synchrounous
 .text.OverflowTimer_8bits_Asynchrounous
                0x00001910       0x78 ./timer.o
                0x00001910                OverflowTimer_8bits_Asynchrounous
 .text.OverflowTimer_16bits_Init
                0x00001988       0x60 ./timer.o
                0x00001988                OverflowTimer_16bits_Init
 .text.OverflowTimer_16bits_Asynchrounous
                0x000019e8       0x42 ./timer.o
                0x000019e8                OverflowTimer_16bits_Asynchrounous
 .text.mtimer_16bits_start
                0x00001a2a       0x36 ./timer.o
 .text.OverflowTimer_16bits_synchrounous
                0x00001a60       0x5e ./timer.o
                0x00001a60                OverflowTimer_16bits_synchrounous
 .text.Global_Interrupt_Enable
                0x00001abe       0x1c ./timer.o
                0x00001abe                Global_Interrupt_Enable
 .text.Disable_Interrupt_Enable
                0x00001ada       0x1c ./timer.o
                0x00001ada                Disable_Interrupt_Enable
 .text.Icu_init
                0x00001af6       0x92 ./timer.o
                0x00001af6                Icu_init
 .text.Icu_setEdgeDetectionType
                0x00001b88       0x3e ./timer.o
                0x00001b88                Icu_setEdgeDetectionType
 .text.Icu_getInputCaptureValue
                0x00001bc6       0x16 ./timer.o
                0x00001bc6                Icu_getInputCaptureValue
 .text.Icu_DeInit
                0x00001bdc       0x40 ./timer.o
                0x00001bdc                Icu_DeInit
 .text.Icu_clearTimerValue
                0x00001c1c       0x16 ./timer.o
                0x00001c1c                Icu_clearTimerValue
 .text.RegisterCallback_8Bit_Overflow
                0x00001c32       0x36 ./timer.o
                0x00001c32                RegisterCallback_8Bit_Overflow
 .text.RegisterCallback_8Bit_Compare
                0x00001c68       0x36 ./timer.o
                0x00001c68                RegisterCallback_8Bit_Compare
 .text.RegisterCallback_16Bit_Timer1
                0x00001c9e       0x36 ./timer.o
                0x00001c9e                RegisterCallback_16Bit_Timer1
 .text.libgcc   0x00001cd4        0x0 c:/winavr-20100110/bin/../lib/gcc/avr/4.3.3/avr5\libgcc.a(_exit.o)
 .text.libgcc   0x00001cd4        0x0 c:/winavr-20100110/bin/../lib/gcc/avr/4.3.3/avr5\libgcc.a(_copy_data.o)
 .text.libgcc   0x00001cd4        0x0 c:/winavr-20100110/bin/../lib/gcc/avr/4.3.3/avr5\libgcc.a(_clear_bss.o)
 .text.avr-libc
                0x00001cd4       0x42 c:/winavr-20100110/bin/../lib/gcc/avr/4.3.3/../../../../avr/lib/avr5\libc.a(itoa.o)
                0x00001cd4                itoa
 .text.avr-libc
                0x00001d16       0x20 c:/winavr-20100110/bin/../lib/gcc/avr/4.3.3/../../../../avr/lib/avr5\libc.a(strrev.o)
                0x00001d16                strrev
 .text.libgcc   0x00001d36       0x28 c:/winavr-20100110/bin/../lib/gcc/avr/4.3.3/avr5\libgcc.a(_udivmodhi4.o)
                0x00001d36                __udivmodhi4
                0x00001d5e                . = ALIGN (0x2)
 *(.fini9)
 .fini9         0x00001d5e        0x0 c:/winavr-20100110/bin/../lib/gcc/avr/4.3.3/avr5\libgcc.a(_exit.o)
                0x00001d5e                exit
                0x00001d5e                _exit
 *(.fini9)
 *(.fini8)
 *(.fini8)
 *(.fini7)
 *(.fini7)
 *(.fini6)
 *(.fini6)
 *(.fini5)
 *(.fini5)
 *(.fini4)
 *(.fini4)
 *(.fini3)
 *(.fini3)
 *(.fini2)
 *(.fini2)
 *(.fini1)
 *(.fini1)
 *(.fini0)
 .fini0         0x00001d5e        0x4 c:/winavr-20100110/bin/../lib/gcc/avr/4.3.3/avr5\libgcc.a(_exit.o)
 *(.fini0)
                0x00001d62                _etext = .

.data           0x00800060       0xd8 load address 0x00001d62
                0x00800060                PROVIDE (__data_start, .)
 *(.data)
 .data          0x00800060        0x0 c:/winavr-20100110/bin/../lib/gcc/avr/4.3.3/../../../../avr/lib/avr5/crtm16.o
 .data          0x00800060        0x0 ./UART.o
 .data          0x00800060        0x0 ./UART_config.o
 .data          0x00800060        0x0 ./keypad.o
 .data          0x00800060        0x0 ./lcd.o
 .data          0x00800060       0x2f ./main.o
 .data          0x0080008f        0x0 ./mdio.o
 .data          0x0080008f       0x6c ./open_door.o
 .data          0x008000fb        0x0 ./timer.o
 .data          0x008000fb        0x0 ./timer_config.o
 .data          0x008000fb        0x0 c:/winavr-20100110/bin/../lib/gcc/avr/4.3.3/avr5\libgcc.a(_exit.o)
 .data          0x008000fb        0x0 c:/winavr-20100110/bin/../lib/gcc/avr/4.3.3/avr5\libgcc.a(_copy_data.o)
 .data          0x008000fb        0x0 c:/winavr-20100110/bin/../lib/gcc/avr/4.3.3/avr5\libgcc.a(_clear_bss.o)
 .data          0x008000fb        0x0 c:/winavr-20100110/bin/../lib/gcc/avr/4.3.3/../../../../avr/lib/avr5\libc.a(itoa.o)
 .data          0x008000fb        0x0 c:/winavr-20100110/bin/../lib/gcc/avr/4.3.3/../../../../avr/lib/avr5\libc.a(strrev.o)
 .data          0x008000fb        0x0 c:/winavr-20100110/bin/../lib/gcc/avr/4.3.3/avr5\libgcc.a(_udivmodhi4.o)
 *(.data*)
 .data.MCU1     0x008000fb        0x6 ./UART_config.o
                0x008000fb                MCU1
 .data.TIMER_OUTPUT_COMPARE_FLAG_BIT
                0x00800101        0x2 ./timer.o
                0x00800101                TIMER_OUTPUT_COMPARE_FLAG_BIT
 .data.TIMER_INTERRUPT_OVERFLOW_ENABLE_BIT
                0x00800103        0x2 ./timer.o
                0x00800103                TIMER_INTERRUPT_OVERFLOW_ENABLE_BIT
 .data.TIMER_INTERRUPT_COMPARE_ENABLE_BIT
                0x00800105        0x2 ./timer.o
                0x00800105                TIMER_INTERRUPT_COMPARE_ENABLE_BIT
 .data.delayTimer0_milli
                0x00800107        0x2 ./timer_config.o
                0x00800107                delayTimer0_milli
 .data.delayTimer0_micro
                0x00800109        0x2 ./timer_config.o
                0x00800109                delayTimer0_micro
 .data.delayTimer2_milli
                0x0080010b        0x2 ./timer_config.o
                0x0080010b                delayTimer2_milli
 .data.delayTimer2_micro
                0x0080010d        0x2 ./timer_config.o
                0x0080010d                delayTimer2_micro
 .data.delayTimer1_minute
                0x0080010f        0x3 ./timer_config.o
                0x0080010f                delayTimer1_minute
 .data.ICU_signalMeasurement
                0x00800112        0x2 ./timer_config.o
                0x00800112                ICU_signalMeasurement
 *(.rodata)
 *(.rodata*)
 .rodata.DIO_PORT_REG
                0x00800114       0x18 ./mdio.o
 .rodata.Timer_8bits_Control_Register
                0x0080012c        0x4 ./timer.o
 .rodata.Timer_8bits_Compare_Match_Register
                0x00800130        0x4 ./timer.o
 .rodata.Timer_8bits_Counter_Register
                0x00800134        0x4 ./timer.o
 *(.gnu.linkonce.d*)
                0x00800138                . = ALIGN (0x2)
                0x00800138                _edata = .
                0x00800138                PROVIDE (__data_end, .)

.bss            0x00800138       0x36
                0x00800138                PROVIDE (__bss_start, .)
 *(.bss)
 .bss           0x00800138        0x0 c:/winavr-20100110/bin/../lib/gcc/avr/4.3.3/../../../../avr/lib/avr5/crtm16.o
 .bss           0x00800138        0x0 ./UART.o
 .bss           0x00800138        0x0 ./UART_config.o
 .bss           0x00800138        0x0 ./keypad.o
 .bss           0x00800138        0x0 ./lcd.o
 .bss           0x00800138        0x0 ./main.o
 .bss           0x00800138        0x0 ./mdio.o
 .bss           0x00800138        0x0 ./open_door.o
 .bss           0x00800138        0x0 ./timer.o
 .bss           0x00800138        0x0 ./timer_config.o
 .bss           0x00800138        0x0 c:/winavr-20100110/bin/../lib/gcc/avr/4.3.3/avr5\libgcc.a(_exit.o)
 .bss           0x00800138        0x0 c:/winavr-20100110/bin/../lib/gcc/avr/4.3.3/avr5\libgcc.a(_copy_data.o)
 .bss           0x00800138        0x0 c:/winavr-20100110/bin/../lib/gcc/avr/4.3.3/avr5\libgcc.a(_clear_bss.o)
 .bss           0x00800138        0x0 c:/winavr-20100110/bin/../lib/gcc/avr/4.3.3/../../../../avr/lib/avr5\libc.a(itoa.o)
 .bss           0x00800138        0x0 c:/winavr-20100110/bin/../lib/gcc/avr/4.3.3/../../../../avr/lib/avr5\libc.a(strrev.o)
 .bss           0x00800138        0x0 c:/winavr-20100110/bin/../lib/gcc/avr/4.3.3/avr5\libgcc.a(_udivmodhi4.o)
 *(.bss*)
 .bss.gu8_option
                0x00800138        0x1 ./open_door.o
                0x00800138                gu8_option
 .bss.passCount
                0x00800139        0x1 ./open_door.o
                0x00800139                passCount
 .bss.i         0x0080013a        0x1 ./open_door.o
                0x0080013a                i
 .bss.thief     0x0080013b        0x1 ./open_door.o
                0x0080013b                thief
 .bss.gu8_timer_16bits_SelectedPrescaler1
                0x0080013c        0x1 ./timer.o
 .bss.gu8_timer_8bits_SelectedPrescaler
                0x0080013d        0x2 ./timer.o
 .bss.gu8_delayTime
                0x0080013f        0x2 ./timer.o
 .bss.Number_OverFlows_16bit_Timer
                0x00800141        0x1 ./timer.o
 .bss.DelayTimer_timer0_Asynchrounous_is_Running
                0x00800142        0x1 ./timer.o
 .bss.OverflowTimer_timer0_Asynchrounous_is_Running
                0x00800143        0x1 ./timer.o
 .bss.DelayTimer_timer2_Asynchrounous_is_Running
                0x00800144        0x1 ./timer.o
 .bss.OverflowTimer_timer2_Asynchrounous_is_Running
                0x00800145        0x1 ./timer.o
 .bss.func_register_8bit_overflow
                0x00800146        0x4 ./timer.o
 .bss.func_register_8bit_compare
                0x0080014a        0x4 ./timer.o
 .bss.func_register_16bit_timer1
                0x0080014e        0x8 ./timer.o
 *(COMMON)
 COMMON         0x00800156        0x0 ./UART.o
 COMMON         0x00800156        0x7 ./lcd.o
                0x00800156                PWM_Timer2
                0x00800158                PWM_Timer0
                0x0080015a                delayTimer1_hour
 COMMON         0x0080015d        0x1 ./main.o
                0x0080015d                IndexPassword
 COMMON         0x0080015e       0x10 ./open_door.o
                0x0080015e                checkPass
                0x00800163                Num_pass_Entered_Wrong
                0x00800164                checkPass_Changed
                0x00800169                storedPassEEPROM
                0x0080016e                PROVIDE (__bss_end, .)
                0x00001d62                __data_load_start = LOADADDR (.data)
                0x00001e3a                __data_load_end = (__data_load_start + SIZEOF (.data))

.noinit         0x0080016e        0x0
                0x0080016e                PROVIDE (__noinit_start, .)
 *(.noinit*)
                0x0080016e                PROVIDE (__noinit_end, .)
                0x0080016e                _end = .
                0x0080016e                PROVIDE (__heap_start, .)

.eeprom         0x00810000        0x0
 *(.eeprom*)
                0x00810000                __eeprom_end = .

.fuse
 *(.fuse)
 *(.lfuse)
 *(.hfuse)
 *(.efuse)

.lock
 *(.lock*)

.signature
 *(.signature*)

.stab           0x00000000     0x2ee0
 *(.stab)
 .stab          0x00000000      0x51c ./UART.o
 .stab          0x0000051c       0xf0 ./UART_config.o
                                0x18c (size before relaxing)
 .stab          0x0000060c      0x39c ./keypad.o
                                0x414 (size before relaxing)
 .stab          0x000009a8      0x6d8 ./lcd.o
                                0x7d4 (size before relaxing)
 .stab          0x00001080      0x2f4 ./main.o
                                0x594 (size before relaxing)
 .stab          0x00001374      0x3d8 ./mdio.o
                                0x4d4 (size before relaxing)
 .stab          0x0000174c      0x72c ./open_door.o
                                0x9cc (size before relaxing)
 .stab          0x00001e78      0xf0c ./timer.o
                               0x10bc (size before relaxing)
 .stab          0x00002d84      0x15c ./timer_config.o
                                0x270 (size before relaxing)

.stabstr        0x00000000     0x2518
 *(.stabstr)
 .stabstr       0x00000000     0x2518 ./UART.o

.stab.excl
 *(.stab.excl)

.stab.exclstr
 *(.stab.exclstr)

.stab.index
 *(.stab.index)

.stab.indexstr
 *(.stab.indexstr)

.comment
 *(.comment)

.debug
 *(.debug)

.line
 *(.line)

.debug_srcinfo
 *(.debug_srcinfo)

.debug_sfnames
 *(.debug_sfnames)

.debug_aranges
 *(.debug_aranges)

.debug_pubnames
 *(.debug_pubnames)

.debug_info
 *(.debug_info)
 *(.gnu.linkonce.wi.*)

.debug_abbrev
 *(.debug_abbrev)

.debug_line
 *(.debug_line)

.debug_frame
 *(.debug_frame)

.debug_str
 *(.debug_str)

.debug_loc
 *(.debug_loc)

.debug_macinfo
 *(.debug_macinfo)
OUTPUT(MC1_Final_Project.elf elf32-avr)
LOAD linker stubs
