Archive member included because of file (symbol)

c:/winavr-20100110/bin/../lib/gcc/avr/4.3.3/avr5\libgcc.a(_exit.o)
                              c:/winavr-20100110/bin/../lib/gcc/avr/4.3.3/../../../../avr/lib/avr5/crtm16.o (exit)
c:/winavr-20100110/bin/../lib/gcc/avr/4.3.3/avr5\libgcc.a(_copy_data.o)
                              ./UART_config.o (__do_copy_data)
c:/winavr-20100110/bin/../lib/gcc/avr/4.3.3/avr5\libgcc.a(_clear_bss.o)
                              ./UART.o (__do_clear_bss)

Allocating common symbols
Common symbol       size              file

PWM_Timer2          0x2               ./buzzer.o
Buzzer_config_t     0x1               ./buzzer.o
PWM_Timer0          0x2               ./buzzer.o
MCU1                0x6               ./UART.o
delayTimer1_hour    0x3               ./buzzer.o

Memory Configuration

Name             Origin             Length             Attributes
text             0x00000000         0x00020000         xr
data             0x00800060         0x0000ffa0         rw !x
eeprom           0x00810000         0x00010000         rw !x
fuse             0x00820000         0x00000400         rw !x
lock             0x00830000         0x00000400         rw !x
signature        0x00840000         0x00000400         rw !x
*default*        0x00000000         0xffffffff

Linker script and memory map

LOAD c:/winavr-20100110/bin/../lib/gcc/avr/4.3.3/../../../../avr/lib/avr5/crtm16.o
LOAD ./UART.o
LOAD ./UART_config.o
LOAD ./buzzer.o
LOAD ./external_eeprom.o
LOAD ./i2c.o
LOAD ./main.o
LOAD ./mdio.o
LOAD ./motors.o
LOAD ./timer.o
LOAD ./timer_config.o
LOAD c:/winavr-20100110/bin/../lib/gcc/avr/4.3.3/avr5\libgcc.a
LOAD c:/winavr-20100110/bin/../lib/gcc/avr/4.3.3/../../../../avr/lib/avr5\libc.a
LOAD c:/winavr-20100110/bin/../lib/gcc/avr/4.3.3/avr5\libgcc.a

.hash
 *(.hash)

.dynsym
 *(.dynsym)

.dynstr
 *(.dynstr)

.gnu.version
 *(.gnu.version)

.gnu.version_d
 *(.gnu.version_d)

.gnu.version_r
 *(.gnu.version_r)

.rel.init
 *(.rel.init)

.rela.init
 *(.rela.init)

.rel.text
 *(.rel.text)
 *(.rel.text.*)
 *(.rel.gnu.linkonce.t*)

.rela.text
 *(.rela.text)
 *(.rela.text.*)
 *(.rela.gnu.linkonce.t*)

.rel.fini
 *(.rel.fini)

.rela.fini
 *(.rela.fini)

.rel.rodata
 *(.rel.rodata)
 *(.rel.rodata.*)
 *(.rel.gnu.linkonce.r*)

.rela.rodata
 *(.rela.rodata)
 *(.rela.rodata.*)
 *(.rela.gnu.linkonce.r*)

.rel.data
 *(.rel.data)
 *(.rel.data.*)
 *(.rel.gnu.linkonce.d*)

.rela.data
 *(.rela.data)
 *(.rela.data.*)
 *(.rela.gnu.linkonce.d*)

.rel.ctors
 *(.rel.ctors)

.rela.ctors
 *(.rela.ctors)

.rel.dtors
 *(.rel.dtors)

.rela.dtors
 *(.rela.dtors)

.rel.got
 *(.rel.got)

.rela.got
 *(.rela.got)

.rel.bss
 *(.rel.bss)

.rela.bss
 *(.rela.bss)

.rel.plt
 *(.rel.plt)

.rela.plt
 *(.rela.plt)

.text           0x00000000     0x1944
 *(.vectors)
 .vectors       0x00000000       0x54 c:/winavr-20100110/bin/../lib/gcc/avr/4.3.3/../../../../avr/lib/avr5/crtm16.o
                0x00000000                __vectors
                0x00000000                __vector_default
 *(.vectors)
 *(.progmem.gcc*)
 *(.progmem*)
                0x00000054                . = ALIGN (0x2)
                0x00000054                __trampolines_start = .
 *(.trampolines)
 .trampolines   0x00000054        0x0 linker stubs
 *(.trampolines*)
                0x00000054                __trampolines_end = .
 *(.jumptables)
 *(.jumptables*)
 *(.lowtext)
 *(.lowtext*)
                0x00000054                __ctors_start = .
 *(.ctors)
                0x00000054                __ctors_end = .
                0x00000054                __dtors_start = .
 *(.dtors)
                0x00000054                __dtors_end = .
 SORT(*)(.ctors)
 SORT(*)(.dtors)
 *(.init0)
 .init0         0x00000054        0x0 c:/winavr-20100110/bin/../lib/gcc/avr/4.3.3/../../../../avr/lib/avr5/crtm16.o
                0x00000054                __init
 *(.init0)
 *(.init1)
 *(.init1)
 *(.init2)
 .init2         0x00000054        0xc c:/winavr-20100110/bin/../lib/gcc/avr/4.3.3/../../../../avr/lib/avr5/crtm16.o
 *(.init2)
 *(.init3)
 *(.init3)
 *(.init4)
 .init4         0x00000060       0x16 c:/winavr-20100110/bin/../lib/gcc/avr/4.3.3/avr5\libgcc.a(_copy_data.o)
                0x00000060                __do_copy_data
 .init4         0x00000076       0x10 c:/winavr-20100110/bin/../lib/gcc/avr/4.3.3/avr5\libgcc.a(_clear_bss.o)
                0x00000076                __do_clear_bss
 *(.init4)
 *(.init5)
 *(.init5)
 *(.init6)
 *(.init6)
 *(.init7)
 *(.init7)
 *(.init8)
 *(.init8)
 *(.init9)
 .init9         0x00000086        0x8 c:/winavr-20100110/bin/../lib/gcc/avr/4.3.3/../../../../avr/lib/avr5/crtm16.o
 *(.init9)
 *(.text)
 .text          0x0000008e        0x4 c:/winavr-20100110/bin/../lib/gcc/avr/4.3.3/../../../../avr/lib/avr5/crtm16.o
                0x0000008e                __vector_1
                0x0000008e                __vector_12
                0x0000008e                __bad_interrupt
                0x0000008e                __vector_11
                0x0000008e                __vector_13
                0x0000008e                __vector_17
                0x0000008e                __vector_2
                0x0000008e                __vector_15
                0x0000008e                __vector_14
                0x0000008e                __vector_10
                0x0000008e                __vector_16
                0x0000008e                __vector_18
                0x0000008e                __vector_20
 .text          0x00000092        0x0 ./UART.o
 .text          0x00000092        0x0 ./UART_config.o
 .text          0x00000092        0x0 ./buzzer.o
 .text          0x00000092        0x0 ./external_eeprom.o
 .text          0x00000092        0x0 ./i2c.o
 .text          0x00000092        0x0 ./main.o
 .text          0x00000092        0x0 ./mdio.o
 .text          0x00000092        0x0 ./motors.o
 .text          0x00000092        0x0 ./timer.o
 .text          0x00000092        0x0 ./timer_config.o
 .text          0x00000092        0x0 c:/winavr-20100110/bin/../lib/gcc/avr/4.3.3/avr5\libgcc.a(_exit.o)
 .text          0x00000092        0x0 c:/winavr-20100110/bin/../lib/gcc/avr/4.3.3/avr5\libgcc.a(_copy_data.o)
 .text          0x00000092        0x0 c:/winavr-20100110/bin/../lib/gcc/avr/4.3.3/avr5\libgcc.a(_clear_bss.o)
                0x00000092                . = ALIGN (0x2)
 *(.text.*)
 .text.UART_init
                0x00000092      0x106 ./UART.o
                0x00000092                UART_init
 .text.UART_ByteRecieved
                0x00000198       0x20 ./UART.o
                0x00000198                UART_ByteRecieved
 .text.UART_IS_ByteRecieved
                0x000001b8       0x3c ./UART.o
                0x000001b8                UART_IS_ByteRecieved
 .text.UART_SendByte
                0x000001f4       0x28 ./UART.o
                0x000001f4                UART_SendByte
 .text.UART_SendString
                0x0000021c       0x52 ./UART.o
                0x0000021c                UART_SendString
 .text.UART_ReceiveString
                0x0000026e       0x86 ./UART.o
                0x0000026e                UART_ReceiveString
 .text.Buzzer_init
                0x000002f4       0x22 ./buzzer.o
                0x000002f4                Buzzer_init
 .text.Buzzer_OFF
                0x00000316       0x18 ./buzzer.o
 .text.Buzzer_ON
                0x0000032e       0x24 ./buzzer.o
                0x0000032e                Buzzer_ON
 .text.EEPROM_writeByte
                0x00000352       0x82 ./external_eeprom.o
                0x00000352                EEPROM_writeByte
 .text.EEPROM_readByte
                0x000003d4       0xc0 ./external_eeprom.o
                0x000003d4                EEPROM_readByte
 .text.TWI_init
                0x00000494       0x58 ./i2c.o
                0x00000494                TWI_init
 .text.TWI_start
                0x000004ec       0x38 ./i2c.o
                0x000004ec                TWI_start
 .text.TWI_stop
                0x00000524       0x2c ./i2c.o
                0x00000524                TWI_stop
 .text.TWI_write
                0x00000550       0x3c ./i2c.o
                0x00000550                TWI_write
 .text.TWI_readWithACK
                0x0000058c       0x3e ./i2c.o
                0x0000058c                TWI_readWithACK
 .text.TWI_readWithNACK
                0x000005ca       0x3e ./i2c.o
                0x000005ca                TWI_readWithNACK
 .text.TWI_getStatus
                0x00000608       0x1e ./i2c.o
                0x00000608                TWI_getStatus
 .text.main     0x00000626      0x144 ./main.o
                0x00000626                main
 .text.mdio_setPinStatus
                0x0000076a      0x1c8 ./mdio.o
                0x0000076a                mdio_setPinStatus
 .text.mdio_setPinValue
                0x00000932      0x106 ./mdio.o
                0x00000932                mdio_setPinValue
 .text.mdio_togglePinValue
                0x00000a38       0x78 ./mdio.o
                0x00000a38                mdio_togglePinValue
 .text.mdio_getPinValue
                0x00000ab0       0x6c ./mdio.o
                0x00000ab0                mdio_getPinValue
 .text.GPIO_setupPortDirection
                0x00000b1c       0x3c ./mdio.o
                0x00000b1c                GPIO_setupPortDirection
 .text.GPIO_writePort
                0x00000b58       0x3e ./mdio.o
                0x00000b58                GPIO_writePort
 .text.GPIO_readPort
                0x00000b96       0x3e ./mdio.o
                0x00000b96                GPIO_readPort
 .text.DC_MOTOR_STOP
                0x00000bd4       0x22 ./motors.o
 .text.DcMotor_Init
                0x00000bf6       0x26 ./motors.o
                0x00000bf6                DcMotor_Init
 .text.DcMotor_Rotate
                0x00000c1c       0x68 ./motors.o
                0x00000c1c                DcMotor_Rotate
 .text.DC_MOTOR_CLOCK_WISE
                0x00000c84       0x22 ./motors.o
 .text.DC_MOTOR_ANTI_CLOCK_WISE
                0x00000ca6       0x22 ./motors.o
 .text.__vector_9
                0x00000cc8       0xa0 ./timer.o
                0x00000cc8                __vector_9
 .text.mtimer_8bits_stop
                0x00000d68       0x44 ./timer.o
 .text.__vector_4
                0x00000dac       0xa0 ./timer.o
                0x00000dac                __vector_4
 .text.__vector_19
                0x00000e4c       0xa0 ./timer.o
                0x00000e4c                __vector_19
 .text.__vector_3
                0x00000eec       0xa0 ./timer.o
                0x00000eec                __vector_3
 .text.__vector_8
                0x00000f8c       0x96 ./timer.o
                0x00000f8c                __vector_8
 .text.mtimer_16bits_stop
                0x00001022       0x1c ./timer.o
 .text.__vector_6
                0x0000103e       0x96 ./timer.o
                0x0000103e                __vector_6
 .text.__vector_7
                0x000010d4       0x6a ./timer.o
                0x000010d4                __vector_7
 .text.__vector_5
                0x0000113e       0x6a ./timer.o
                0x0000113e                __vector_5
 .text.DelayTimer_8bits_Init
                0x000011a8       0xde ./timer.o
                0x000011a8                DelayTimer_8bits_Init
 .text.DelayTimer_8bits_synchrounous
                0x00001286       0xb2 ./timer.o
                0x00001286                DelayTimer_8bits_synchrounous
 .text.mtimer_8bits_start
                0x00001338       0x9a ./timer.o
 .text.DelayTimer_8bits_Asynchrounous
                0x000013d2       0x78 ./timer.o
                0x000013d2                DelayTimer_8bits_Asynchrounous
 .text.OverflowTimer_8bits_Init
                0x0000144a       0x88 ./timer.o
                0x0000144a                OverflowTimer_8bits_Init
 .text.OverflowTimer_8bits_synchrounous
                0x000014d2       0xaa ./timer.o
                0x000014d2                OverflowTimer_8bits_synchrounous
 .text.OverflowTimer_8bits_Asynchrounous
                0x0000157c       0x78 ./timer.o
                0x0000157c                OverflowTimer_8bits_Asynchrounous
 .text.OverflowTimer_16bits_Init
                0x000015f4       0x60 ./timer.o
                0x000015f4                OverflowTimer_16bits_Init
 .text.OverflowTimer_16bits_Asynchrounous
                0x00001654       0x42 ./timer.o
                0x00001654                OverflowTimer_16bits_Asynchrounous
 .text.mtimer_16bits_start
                0x00001696       0x36 ./timer.o
 .text.OverflowTimer_16bits_synchrounous
                0x000016cc       0x5e ./timer.o
                0x000016cc                OverflowTimer_16bits_synchrounous
 .text.Global_Interrupt_Enable
                0x0000172a       0x1c ./timer.o
                0x0000172a                Global_Interrupt_Enable
 .text.Disable_Interrupt_Enable
                0x00001746       0x1c ./timer.o
                0x00001746                Disable_Interrupt_Enable
 .text.Icu_init
                0x00001762       0x92 ./timer.o
                0x00001762                Icu_init
 .text.Icu_setEdgeDetectionType
                0x000017f4       0x3e ./timer.o
                0x000017f4                Icu_setEdgeDetectionType
 .text.Icu_getInputCaptureValue
                0x00001832       0x16 ./timer.o
                0x00001832                Icu_getInputCaptureValue
 .text.Icu_DeInit
                0x00001848       0x40 ./timer.o
                0x00001848                Icu_DeInit
 .text.Icu_clearTimerValue
                0x00001888       0x16 ./timer.o
                0x00001888                Icu_clearTimerValue
 .text.RegisterCallback_8Bit_Overflow
                0x0000189e       0x36 ./timer.o
                0x0000189e                RegisterCallback_8Bit_Overflow
 .text.RegisterCallback_8Bit_Compare
                0x000018d4       0x36 ./timer.o
                0x000018d4                RegisterCallback_8Bit_Compare
 .text.RegisterCallback_16Bit_Timer1
                0x0000190a       0x36 ./timer.o
                0x0000190a                RegisterCallback_16Bit_Timer1
 .text.libgcc   0x00001940        0x0 c:/winavr-20100110/bin/../lib/gcc/avr/4.3.3/avr5\libgcc.a(_exit.o)
 .text.libgcc   0x00001940        0x0 c:/winavr-20100110/bin/../lib/gcc/avr/4.3.3/avr5\libgcc.a(_copy_data.o)
 .text.libgcc   0x00001940        0x0 c:/winavr-20100110/bin/../lib/gcc/avr/4.3.3/avr5\libgcc.a(_clear_bss.o)
                0x00001940                . = ALIGN (0x2)
 *(.fini9)
 .fini9         0x00001940        0x0 c:/winavr-20100110/bin/../lib/gcc/avr/4.3.3/avr5\libgcc.a(_exit.o)
                0x00001940                exit
                0x00001940                _exit
 *(.fini9)
 *(.fini8)
 *(.fini8)
 *(.fini7)
 *(.fini7)
 *(.fini6)
 *(.fini6)
 *(.fini5)
 *(.fini5)
 *(.fini4)
 *(.fini4)
 *(.fini3)
 *(.fini3)
 *(.fini2)
 *(.fini2)
 *(.fini1)
 *(.fini1)
 *(.fini0)
 .fini0         0x00001940        0x4 c:/winavr-20100110/bin/../lib/gcc/avr/4.3.3/avr5\libgcc.a(_exit.o)
 *(.fini0)
                0x00001944                _etext = .

.data           0x00800060       0x3e load address 0x00001944
                0x00800060                PROVIDE (__data_start, .)
 *(.data)
 .data          0x00800060        0x0 c:/winavr-20100110/bin/../lib/gcc/avr/4.3.3/../../../../avr/lib/avr5/crtm16.o
 .data          0x00800060        0x0 ./UART.o
 .data          0x00800060        0x0 ./UART_config.o
 .data          0x00800060        0x0 ./buzzer.o
 .data          0x00800060        0x0 ./external_eeprom.o
 .data          0x00800060        0x0 ./i2c.o
 .data          0x00800060        0x0 ./main.o
 .data          0x00800060        0x0 ./mdio.o
 .data          0x00800060        0x0 ./motors.o
 .data          0x00800060        0x0 ./timer.o
 .data          0x00800060        0x0 ./timer_config.o
 .data          0x00800060        0x0 c:/winavr-20100110/bin/../lib/gcc/avr/4.3.3/avr5\libgcc.a(_exit.o)
 .data          0x00800060        0x0 c:/winavr-20100110/bin/../lib/gcc/avr/4.3.3/avr5\libgcc.a(_copy_data.o)
 .data          0x00800060        0x0 c:/winavr-20100110/bin/../lib/gcc/avr/4.3.3/avr5\libgcc.a(_clear_bss.o)
 *(.data*)
 .data.MCU2     0x00800060        0x6 ./UART_config.o
                0x00800060                MCU2
 .data.TIMER_OUTPUT_COMPARE_FLAG_BIT
                0x00800066        0x2 ./timer.o
                0x00800066                TIMER_OUTPUT_COMPARE_FLAG_BIT
 .data.TIMER_INTERRUPT_OVERFLOW_ENABLE_BIT
                0x00800068        0x2 ./timer.o
                0x00800068                TIMER_INTERRUPT_OVERFLOW_ENABLE_BIT
 .data.TIMER_INTERRUPT_COMPARE_ENABLE_BIT
                0x0080006a        0x2 ./timer.o
                0x0080006a                TIMER_INTERRUPT_COMPARE_ENABLE_BIT
 .data.delayTimer0_milli
                0x0080006c        0x2 ./timer_config.o
                0x0080006c                delayTimer0_milli
 .data.delayTimer0_micro
                0x0080006e        0x2 ./timer_config.o
                0x0080006e                delayTimer0_micro
 .data.delayTimer2_milli
                0x00800070        0x2 ./timer_config.o
                0x00800070                delayTimer2_milli
 .data.delayTimer2_micro
                0x00800072        0x2 ./timer_config.o
                0x00800072                delayTimer2_micro
 .data.delayTimer1_minute
                0x00800074        0x3 ./timer_config.o
                0x00800074                delayTimer1_minute
 .data.ICU_signalMeasurement
                0x00800077        0x2 ./timer_config.o
                0x00800077                ICU_signalMeasurement
 *(.rodata)
 *(.rodata*)
 .rodata.DIO_PORT_REG
                0x00800079       0x18 ./mdio.o
 .rodata.Timer_8bits_Control_Register
                0x00800091        0x4 ./timer.o
 .rodata.Timer_8bits_Compare_Match_Register
                0x00800095        0x4 ./timer.o
 .rodata.Timer_8bits_Counter_Register
                0x00800099        0x4 ./timer.o
 *(.gnu.linkonce.d*)
                0x0080009e                . = ALIGN (0x2)
 *fill*         0x0080009d        0x1 00
                0x0080009e                _edata = .
                0x0080009e                PROVIDE (__data_end, .)

.bss            0x0080009e       0x28
                0x0080009e                PROVIDE (__bss_start, .)
 *(.bss)
 .bss           0x0080009e        0x0 c:/winavr-20100110/bin/../lib/gcc/avr/4.3.3/../../../../avr/lib/avr5/crtm16.o
 .bss           0x0080009e        0x0 ./UART.o
 .bss           0x0080009e        0x0 ./UART_config.o
 .bss           0x0080009e        0x0 ./buzzer.o
 .bss           0x0080009e        0x0 ./external_eeprom.o
 .bss           0x0080009e        0x0 ./i2c.o
 .bss           0x0080009e        0x0 ./main.o
 .bss           0x0080009e        0x0 ./mdio.o
 .bss           0x0080009e        0x0 ./motors.o
 .bss           0x0080009e        0x0 ./timer.o
 .bss           0x0080009e        0x0 ./timer_config.o
 .bss           0x0080009e        0x0 c:/winavr-20100110/bin/../lib/gcc/avr/4.3.3/avr5\libgcc.a(_exit.o)
 .bss           0x0080009e        0x0 c:/winavr-20100110/bin/../lib/gcc/avr/4.3.3/avr5\libgcc.a(_copy_data.o)
 .bss           0x0080009e        0x0 c:/winavr-20100110/bin/../lib/gcc/avr/4.3.3/avr5\libgcc.a(_clear_bss.o)
 *(.bss*)
 .bss.gu8_timer_16bits_SelectedPrescaler1
                0x0080009e        0x1 ./timer.o
 .bss.gu8_timer_8bits_SelectedPrescaler
                0x0080009f        0x2 ./timer.o
 .bss.gu8_delayTime
                0x008000a1        0x2 ./timer.o
 .bss.Number_OverFlows_16bit_Timer
                0x008000a3        0x1 ./timer.o
 .bss.DelayTimer_timer0_Asynchrounous_is_Running
                0x008000a4        0x1 ./timer.o
 .bss.OverflowTimer_timer0_Asynchrounous_is_Running
                0x008000a5        0x1 ./timer.o
 .bss.DelayTimer_timer2_Asynchrounous_is_Running
                0x008000a6        0x1 ./timer.o
 .bss.OverflowTimer_timer2_Asynchrounous_is_Running
                0x008000a7        0x1 ./timer.o
 .bss.func_register_8bit_overflow
                0x008000a8        0x4 ./timer.o
 .bss.func_register_8bit_compare
                0x008000ac        0x4 ./timer.o
 .bss.func_register_16bit_timer1
                0x008000b0        0x8 ./timer.o
 *(COMMON)
 COMMON         0x008000b8        0x6 ./UART.o
                0x008000b8                MCU1
 COMMON         0x008000be        0x8 ./buzzer.o
                0x008000be                PWM_Timer2
                0x008000c0                Buzzer_config_t
                0x008000c1                PWM_Timer0
                0x008000c3                delayTimer1_hour
                0x008000c6                PROVIDE (__bss_end, .)
                0x00001944                __data_load_start = LOADADDR (.data)
                0x00001982                __data_load_end = (__data_load_start + SIZEOF (.data))

.noinit         0x008000c6        0x0
                0x008000c6                PROVIDE (__noinit_start, .)
 *(.noinit*)
                0x008000c6                PROVIDE (__noinit_end, .)
                0x008000c6                _end = .
                0x008000c6                PROVIDE (__heap_start, .)

.eeprom         0x00810000        0x0
 *(.eeprom*)
                0x00810000                __eeprom_end = .

.fuse
 *(.fuse)
 *(.lfuse)
 *(.hfuse)
 *(.efuse)

.lock
 *(.lock*)

.signature
 *(.signature*)

.stab           0x00000000     0x2bb0
 *(.stab)
 .stab          0x00000000      0x528 ./UART.o
 .stab          0x00000528       0xfc ./UART_config.o
                                0x198 (size before relaxing)
 .stab          0x00000624      0x384 ./buzzer.o
                                0x3fc (size before relaxing)
 .stab          0x000009a8      0x348 ./external_eeprom.o
                                0x3c0 (size before relaxing)
 .stab          0x00000cf0      0x39c ./i2c.o
                                0x45c (size before relaxing)
 .stab          0x0000108c      0x3f0 ./main.o
                                0x69c (size before relaxing)
 .stab          0x0000147c      0x3d8 ./mdio.o
                                0x4d4 (size before relaxing)
 .stab          0x00001854      0x2f4 ./motors.o
                                0x4c8 (size before relaxing)
 .stab          0x00001b48      0xf0c ./timer.o
                               0x10bc (size before relaxing)
 .stab          0x00002a54      0x15c ./timer_config.o
                                0x270 (size before relaxing)

.stabstr        0x00000000     0x23dd
 *(.stabstr)
 .stabstr       0x00000000     0x23dd ./UART.o

.stab.excl
 *(.stab.excl)

.stab.exclstr
 *(.stab.exclstr)

.stab.index
 *(.stab.index)

.stab.indexstr
 *(.stab.indexstr)

.comment
 *(.comment)

.debug
 *(.debug)

.line
 *(.line)

.debug_srcinfo
 *(.debug_srcinfo)

.debug_sfnames
 *(.debug_sfnames)

.debug_aranges
 *(.debug_aranges)

.debug_pubnames
 *(.debug_pubnames)

.debug_info
 *(.debug_info)
 *(.gnu.linkonce.wi.*)

.debug_abbrev
 *(.debug_abbrev)

.debug_line
 *(.debug_line)

.debug_frame
 *(.debug_frame)

.debug_str
 *(.debug_str)

.debug_loc
 *(.debug_loc)

.debug_macinfo
 *(.debug_macinfo)
OUTPUT(MC2_Final_Project.elf elf32-avr)
LOAD linker stubs
